2026-02-09T22:22:49.9819942Z Current runner version: '2.331.0'
2026-02-09T22:22:49.9854967Z ##[group]Runner Image Provisioner
2026-02-09T22:22:49.9856556Z Hosted Compute Agent
2026-02-09T22:22:49.9857558Z Version: 20260123.484
2026-02-09T22:22:49.9858519Z Commit: 6bd6555ca37d84114959e1c76d2c01448ff61c5d
2026-02-09T22:22:49.9859697Z Build Date: 2026-01-23T19:41:17Z
2026-02-09T22:22:49.9860902Z Worker ID: {7a0e5569-5f53-44ce-ac90-b2d14928d40c}
2026-02-09T22:22:49.9862080Z Azure Region: eastus
2026-02-09T22:22:49.9862940Z ##[endgroup]
2026-02-09T22:22:49.9865088Z ##[group]Operating System
2026-02-09T22:22:49.9866107Z Microsoft Windows Server 2025
2026-02-09T22:22:49.9866931Z 10.0.26100
2026-02-09T22:22:49.9867655Z Datacenter
2026-02-09T22:22:49.9868309Z ##[endgroup]
2026-02-09T22:22:49.9869074Z ##[group]Runner Image
2026-02-09T22:22:49.9869917Z Image: windows-2025
2026-02-09T22:22:49.9870638Z Version: 20260202.17.1
2026-02-09T22:22:49.9872901Z Included Software: https://github.com/actions/runner-images/blob/win25/20260202.17/images/windows/Windows2025-Readme.md
2026-02-09T22:22:49.9875373Z Image Release: https://github.com/actions/runner-images/releases/tag/win25%2F20260202.17
2026-02-09T22:22:49.9877306Z ##[endgroup]
2026-02-09T22:22:49.9878996Z ##[group]GITHUB_TOKEN Permissions
2026-02-09T22:22:49.9881499Z Contents: write
2026-02-09T22:22:49.9882345Z Metadata: read
2026-02-09T22:22:49.9883068Z ##[endgroup]
2026-02-09T22:22:49.9886152Z Secret source: Actions
2026-02-09T22:22:49.9887331Z Prepare workflow directory
2026-02-09T22:22:50.0424834Z Prepare all required actions
2026-02-09T22:22:50.0484361Z Getting action download info
2026-02-09T22:22:50.3173875Z Download action repository 'actions/checkout@v4' (SHA:34e114876b0b11c390a56381ad16ebd13914f8d5)
2026-02-09T22:22:50.4625284Z Download action repository 'actions/setup-node@v4' (SHA:49933ea5288caeca8642d1e84afbd3f7d6820020)
2026-02-09T22:22:50.6700810Z Download action repository 'actions/upload-artifact@v4' (SHA:ea165f8d65b6e75b540449e92b4886f43607fa02)
2026-02-09T22:22:51.1939344Z Complete job name: Build Windows installers
2026-02-09T22:22:51.6560671Z ##[group]Run actions/checkout@v4
2026-02-09T22:22:51.6562066Z with:
2026-02-09T22:22:51.6562760Z   repository: sgttomas/chirality-app
2026-02-09T22:22:51.6563937Z   token: ***
2026-02-09T22:22:51.6565024Z   ssh-strict: true
2026-02-09T22:22:51.6565710Z   ssh-user: git
2026-02-09T22:22:51.6566396Z   persist-credentials: true
2026-02-09T22:22:51.6567147Z   clean: true
2026-02-09T22:22:51.6567846Z   sparse-checkout-cone-mode: true
2026-02-09T22:22:51.6568648Z   fetch-depth: 1
2026-02-09T22:22:51.6569312Z   fetch-tags: false
2026-02-09T22:22:51.6569990Z   show-progress: true
2026-02-09T22:22:51.6570678Z   lfs: false
2026-02-09T22:22:51.6571318Z   submodules: false
2026-02-09T22:22:51.6572000Z   set-safe-directory: true
2026-02-09T22:22:51.6573022Z ##[endgroup]
2026-02-09T22:22:51.8901644Z Syncing repository: sgttomas/chirality-app
2026-02-09T22:22:51.8909307Z ##[group]Getting Git version info
2026-02-09T22:22:51.8911040Z Working directory is 'D:\a\chirality-app\chirality-app'
2026-02-09T22:22:52.0198046Z [command]"C:\Program Files\Git\bin\git.exe" version
2026-02-09T22:22:53.4395258Z git version 2.53.0.windows.1
2026-02-09T22:22:53.4470295Z ##[endgroup]
2026-02-09T22:22:53.4498806Z Temporarily overriding HOME='D:\a\_temp\366cd1f1-82d6-48f0-8eab-cc221ac12f6f' before making global git config changes
2026-02-09T22:22:53.4501007Z Adding repository directory to the temporary git global config as a safe directory
2026-02-09T22:22:53.4513147Z [command]"C:\Program Files\Git\bin\git.exe" config --global --add safe.directory D:\a\chirality-app\chirality-app
2026-02-09T22:22:53.4839534Z Deleting the contents of 'D:\a\chirality-app\chirality-app'
2026-02-09T22:22:53.4846687Z ##[group]Initializing the repository
2026-02-09T22:22:53.4857932Z [command]"C:\Program Files\Git\bin\git.exe" init D:\a\chirality-app\chirality-app
2026-02-09T22:22:53.5309344Z Initialized empty Git repository in D:/a/chirality-app/chirality-app/.git/
2026-02-09T22:22:53.5366262Z [command]"C:\Program Files\Git\bin\git.exe" remote add origin https://github.com/sgttomas/chirality-app
2026-02-09T22:22:53.5730077Z ##[endgroup]
2026-02-09T22:22:53.5730814Z ##[group]Disabling automatic garbage collection
2026-02-09T22:22:53.5741197Z [command]"C:\Program Files\Git\bin\git.exe" config --local gc.auto 0
2026-02-09T22:22:53.6067367Z ##[endgroup]
2026-02-09T22:22:53.6068147Z ##[group]Setting up auth
2026-02-09T22:22:53.6088668Z [command]"C:\Program Files\Git\bin\git.exe" config --local --name-only --get-regexp core\.sshCommand
2026-02-09T22:22:53.6423770Z [command]"C:\Program Files\Git\bin\git.exe" submodule foreach --recursive "sh -c \"git config --local --name-only --get-regexp 'core\.sshCommand' && git config --local --unset-all 'core.sshCommand' || :\""
2026-02-09T22:22:56.8076338Z [command]"C:\Program Files\Git\bin\git.exe" config --local --name-only --get-regexp http\.https\:\/\/github\.com\/\.extraheader
2026-02-09T22:22:56.8469745Z [command]"C:\Program Files\Git\bin\git.exe" submodule foreach --recursive "sh -c \"git config --local --name-only --get-regexp 'http\.https\:\/\/github\.com\/\.extraheader' && git config --local --unset-all 'http.https://github.com/.extraheader' || :\""
2026-02-09T22:22:57.4518936Z [command]"C:\Program Files\Git\bin\git.exe" config --local --name-only --get-regexp ^includeIf\.gitdir:
2026-02-09T22:22:57.4923082Z [command]"C:\Program Files\Git\bin\git.exe" submodule foreach --recursive "git config --local --show-origin --name-only --get-regexp remote.origin.url"
2026-02-09T22:22:58.1154363Z [command]"C:\Program Files\Git\bin\git.exe" config --local http.https://github.com/.extraheader "AUTHORIZATION: basic ***"
2026-02-09T22:22:58.1560260Z ##[endgroup]
2026-02-09T22:22:58.1561025Z ##[group]Fetching the repository
2026-02-09T22:22:58.1574490Z [command]"C:\Program Files\Git\bin\git.exe" -c protocol.version=2 fetch --no-tags --prune --no-recurse-submodules --depth=1 origin +cc201e11822032935553e11c01689ea6fb8f6ceb:refs/remotes/origin/main
2026-02-09T22:23:00.3936621Z From https://github.com/sgttomas/chirality-app
2026-02-09T22:23:00.3937594Z  * [new ref]         cc201e11822032935553e11c01689ea6fb8f6ceb -> origin/main
2026-02-09T22:23:00.4185691Z ##[endgroup]
2026-02-09T22:23:00.4186632Z ##[group]Determining the checkout info
2026-02-09T22:23:00.4188443Z ##[endgroup]
2026-02-09T22:23:00.4200249Z [command]"C:\Program Files\Git\bin\git.exe" sparse-checkout disable
2026-02-09T22:23:00.4564285Z [command]"C:\Program Files\Git\bin\git.exe" config --local --unset-all extensions.worktreeConfig
2026-02-09T22:23:00.4894699Z ##[group]Checking out the ref
2026-02-09T22:23:00.4907723Z [command]"C:\Program Files\Git\bin\git.exe" checkout --progress --force -B main refs/remotes/origin/main
2026-02-09T22:23:00.6784096Z Switched to a new branch 'main'
2026-02-09T22:23:00.6802276Z branch 'main' set up to track 'origin/main'.
2026-02-09T22:23:00.6871429Z ##[endgroup]
2026-02-09T22:23:00.7212122Z [command]"C:\Program Files\Git\bin\git.exe" log -1 --format=%H
2026-02-09T22:23:00.7500811Z cc201e11822032935553e11c01689ea6fb8f6ceb
2026-02-09T22:23:00.7945516Z ##[group]Run actions/setup-node@v4
2026-02-09T22:23:00.7945851Z with:
2026-02-09T22:23:00.7946028Z   node-version: 20
2026-02-09T22:23:00.7946205Z   cache: npm
2026-02-09T22:23:00.7946422Z   cache-dependency-path: frontend/package-lock.json
2026-02-09T22:23:00.7946700Z   always-auth: false
2026-02-09T22:23:00.7946872Z   check-latest: false
2026-02-09T22:23:00.7947212Z   token: ***
2026-02-09T22:23:00.7947419Z ##[endgroup]
2026-02-09T22:23:01.0627648Z Found in cache @ C:\hostedtoolcache\windows\node\20.20.0\x64
2026-02-09T22:23:01.0643359Z ##[group]Environment details
2026-02-09T22:23:04.6172456Z node: v20.20.0
2026-02-09T22:23:04.6172932Z npm: 10.8.2
2026-02-09T22:23:04.6173147Z yarn: 1.22.22
2026-02-09T22:23:04.6175310Z ##[endgroup]
2026-02-09T22:23:04.7303441Z [command]C:\Windows\system32\cmd.exe /D /S /C "C:\hostedtoolcache\windows\node\20.20.0\x64\npm.cmd config get cache"
2026-02-09T22:23:05.2779411Z C:\npm\cache
2026-02-09T22:23:05.5759114Z Cache hit for: node-cache-Windows-x64-npm-348f747c7a8ab69d8d8360e9e82d85e172b094ce6dc11e04db77425005dfd55e
2026-02-09T22:23:06.6704070Z Received 150994944 of 325459135 (46.4%), 138.7 MBs/sec
2026-02-09T22:23:07.7434094Z Received 306184192 of 325459135 (94.1%), 138.4 MBs/sec
2026-02-09T22:23:07.8770912Z Received 325459135 of 325459135 (100.0%), 138.3 MBs/sec
2026-02-09T22:23:07.8774753Z Cache Size: ~310 MB (325459135 B)
2026-02-09T22:23:07.8926727Z [command]"C:\Program Files\Git\usr\bin\tar.exe" -xf D:/a/_temp/6a40d743-a364-4ec0-8971-a06534913813/cache.tzst -P -C D:/a/chirality-app/chirality-app --force-local --use-compress-program "zstd -d"
2026-02-09T22:23:20.5572833Z Cache restored successfully
2026-02-09T22:23:20.5871222Z Cache restored from key: node-cache-Windows-x64-npm-348f747c7a8ab69d8d8360e9e82d85e172b094ce6dc11e04db77425005dfd55e
2026-02-09T22:23:20.6192659Z ##[group]Run npm ci
2026-02-09T22:23:20.6192987Z [36;1mnpm ci[0m
2026-02-09T22:23:20.6330502Z shell: C:\Program Files\PowerShell\7\pwsh.EXE -command ". '{0}'"
2026-02-09T22:23:20.6330835Z ##[endgroup]
2026-02-09T22:23:33.5218898Z npm warn deprecated boolean@3.2.0: Package no longer supported. Contact Support at https://www.npmjs.com/support for more info.
2026-02-09T22:23:51.6955240Z 
2026-02-09T22:23:51.6955980Z added 518 packages, and audited 519 packages in 27s
2026-02-09T22:23:51.6961770Z 
2026-02-09T22:23:51.6962274Z 238 packages are looking for funding
2026-02-09T22:23:51.6963192Z   run `npm fund` for details
2026-02-09T22:23:51.7163421Z 
2026-02-09T22:23:51.7164297Z 1 moderate severity vulnerability
2026-02-09T22:23:51.7164641Z 
2026-02-09T22:23:51.7171566Z To address all issues (including breaking changes), run:
2026-02-09T22:23:51.7174203Z   npm audit fix --force
2026-02-09T22:23:51.7177868Z 
2026-02-09T22:23:51.7178704Z Run `npm audit` for details.
2026-02-09T22:23:52.2474854Z ##[group]Run npm run build -- --webpack
2026-02-09T22:23:52.2475541Z [36;1mnpm run build -- --webpack[0m
2026-02-09T22:23:52.2543573Z shell: C:\Program Files\PowerShell\7\pwsh.EXE -command ". '{0}'"
2026-02-09T22:23:52.2543906Z ##[endgroup]
2026-02-09T22:23:52.9093371Z 
2026-02-09T22:23:52.9094106Z > frontend@1.0.1 build
2026-02-09T22:23:52.9094604Z > next build --webpack
2026-02-09T22:23:52.9094835Z 
2026-02-09T22:23:53.8110045Z ⚠ No build cache found. Please configure build caching for faster rebuilds. Read more: https://nextjs.org/docs/messages/no-cache
2026-02-09T22:23:53.8184061Z Attention: Next.js now collects completely anonymous telemetry regarding usage.
2026-02-09T22:23:53.8185034Z This information is used to shape Next.js' roadmap and prioritize features.
2026-02-09T22:23:53.8186372Z You can learn more, including how to opt-out if you'd not like to participate in this anonymous program, by visiting the following URL:
2026-02-09T22:23:53.8187631Z https://nextjs.org/telemetry
2026-02-09T22:23:53.8187885Z 
2026-02-09T22:23:53.8379182Z ▲ Next.js 16.1.6 (webpack)
2026-02-09T22:23:53.8380464Z 
2026-02-09T22:23:53.8920404Z   Creating an optimized production build ...
2026-02-09T22:24:19.0605773Z ✓ Compiled successfully in 21.6s
2026-02-09T22:24:19.0679205Z   Running TypeScript ...
2026-02-09T22:24:24.3153767Z   Collecting page data using 3 workers ...
2026-02-09T22:24:27.1556213Z   Generating static pages using 3 workers (0/16) ...
2026-02-09T22:24:27.2102653Z   Generating static pages using 3 workers (4/16) 
2026-02-09T22:24:27.4240081Z   Generating static pages using 3 workers (8/16) 
2026-02-09T22:24:27.4566730Z   Generating static pages using 3 workers (12/16) 
2026-02-09T22:24:27.5325880Z ✓ Generating static pages using 3 workers (16/16) in 378.2ms
2026-02-09T22:24:28.4602244Z   Finalizing page optimization ...
2026-02-09T22:24:28.4602777Z   Collecting build traces ...
2026-02-09T22:24:37.9415428Z 
2026-02-09T22:24:37.9437475Z Route (app)
2026-02-09T22:24:37.9438062Z ┌ ○ /
2026-02-09T22:24:37.9438361Z ├ ○ /_not-found
2026-02-09T22:24:37.9439915Z ├ ƒ /api/fs
2026-02-09T22:24:37.9440239Z ├ ƒ /api/fs/diff
2026-02-09T22:24:37.9440587Z ├ ƒ /api/fs/git-status
2026-02-09T22:24:37.9440920Z ├ ƒ /api/fs/read
2026-02-09T22:24:37.9441255Z ├ ƒ /api/harness/interrupt
2026-02-09T22:24:37.9441660Z ├ ƒ /api/harness/session/[id]
2026-02-09T22:24:37.9442369Z ├ ƒ /api/harness/session/boot
2026-02-09T22:24:37.9443188Z ├ ƒ /api/harness/session/create
2026-02-09T22:24:37.9444066Z ├ ƒ /api/harness/session/list
2026-02-09T22:24:37.9444523Z ├ ƒ /api/harness/turn
2026-02-09T22:24:37.9444887Z ├ ƒ /api/project/config
2026-02-09T22:24:37.9445313Z ├ ƒ /api/project/deliverables
2026-02-09T22:24:37.9445755Z └ ƒ /api/system/list
2026-02-09T22:24:37.9445961Z 
2026-02-09T22:24:37.9445970Z 
2026-02-09T22:24:37.9446340Z ○  (Static)   prerendered as static content
2026-02-09T22:24:37.9446979Z ƒ  (Dynamic)  server-rendered on demand
2026-02-09T22:24:37.9447288Z 
2026-02-09T22:24:38.1337989Z ##[group]Run # Force unsigned build for public beta distribution.
2026-02-09T22:24:38.1338609Z [36;1m# Force unsigned build for public beta distribution.[0m
2026-02-09T22:24:38.1339063Z [36;1munset CSC_LINK CSC_KEY_PASSWORD WIN_CSC_LINK WIN_CSC_KEY_PASSWORD[0m
2026-02-09T22:24:38.1339533Z [36;1mnpx electron-builder@25.1.8 --win nsis --x64 --publish never[0m
2026-02-09T22:24:38.1356297Z shell: C:\Program Files\Git\bin\bash.EXE --noprofile --norc -e -o pipefail {0}
2026-02-09T22:24:38.1356689Z ##[endgroup]
2026-02-09T22:24:44.7414109Z   • electron-builder  version=25.1.8 os=10.0.26100
2026-02-09T22:24:44.7471318Z   • loaded configuration  file=package.json ("build" field)
2026-02-09T22:24:44.7486747Z   • description is missed in the package.json  appPackageFile=D:\a\chirality-app\chirality-app\frontend\package.json
2026-02-09T22:24:44.7488490Z   • author is missed in the package.json  appPackageFile=D:\a\chirality-app\chirality-app\frontend\package.json
2026-02-09T22:24:44.9716481Z   • executing @electron/rebuild  electronVersion=33.3.1 arch=x64 buildFromSource=false appDir=./
2026-02-09T22:24:44.9730351Z   • installing native dependencies  arch=x64
2026-02-09T22:24:45.9258189Z   • completed installing native dependencies
2026-02-09T22:24:45.9347787Z   • packaging       platform=win32 arch=x64 electron=33.3.1 appOutDir=dist-electron\win-unpacked
2026-02-09T22:24:46.1321343Z   • downloading     url=https://github.com/electron/electron/releases/download/v33.3.1/electron-v33.3.1-win32-x64.zip size=115 MB parts=8
2026-02-09T22:24:46.4130354Z   • downloaded      url=https://github.com/electron/electron/releases/download/v33.3.1/electron-v33.3.1-win32-x64.zip duration=457ms
2026-02-09T22:24:58.1209770Z   • updating asar integrity executable resource  executablePath=dist-electron\win-unpacked\Chirality App.exe
2026-02-09T22:24:58.7177539Z   • downloading     url=https://github.com/electron-userland/electron-builder-binaries/releases/download/winCodeSign-2.6.0/winCodeSign-2.6.0.7z size=5.6 MB parts=1
2026-02-09T22:24:58.7636369Z   • downloaded      url=https://github.com/electron-userland/electron-builder-binaries/releases/download/winCodeSign-2.6.0/winCodeSign-2.6.0.7z duration=240ms
2026-02-09T22:24:59.7697325Z   • signing with signtool.exe  path=dist-electron\win-unpacked\Chirality App.exe
2026-02-09T22:24:59.7699421Z   • deprecated field  fields=["signingHashAlgorithms","publisherName"] reason=please move to win.signtoolOptions.<field_name>
2026-02-09T22:24:59.7709106Z   • no signing info identified, signing is skipped  signHook=false cscInfo=null
2026-02-09T22:24:59.7843117Z   • signing with signtool.exe  path=dist-electron\win-unpacked\resources\app.asar.unpacked\node_modules\@anthropic-ai\claude-agent-sdk\vendor\ripgrep\x64-win32\rg.exe
2026-02-09T22:24:59.7844397Z   • deprecated field  fields=["signingHashAlgorithms","publisherName"] reason=please move to win.signtoolOptions.<field_name>
2026-02-09T22:24:59.7845212Z   • no signing info identified, signing is skipped  signHook=false cscInfo=null
2026-02-09T22:24:59.7874783Z   • building        target=nsis file=dist-electron\Chirality App Setup 1.0.1-x64.exe archs=x64 oneClick=true perMachine=false
2026-02-09T22:24:59.9588573Z   • downloading     url=https://github.com/electron-userland/electron-builder-binaries/releases/download/nsis-3.0.4.1/nsis-3.0.4.1.7z size=1.3 MB parts=1
2026-02-09T22:24:59.9873581Z   • downloaded      url=https://github.com/electron-userland/electron-builder-binaries/releases/download/nsis-3.0.4.1/nsis-3.0.4.1.7z duration=178ms
2026-02-09T22:25:01.0348839Z   • signing with signtool.exe  path=dist-electron\win-unpacked\resources\elevate.exe
2026-02-09T22:25:01.0350511Z   • deprecated field  fields=["signingHashAlgorithms","publisherName"] reason=please move to win.signtoolOptions.<field_name>
2026-02-09T22:25:01.0351918Z   • no signing info identified, signing is skipped  signHook=false cscInfo=null
2026-02-09T22:26:12.3122530Z   • downloading     url=https://github.com/electron-userland/electron-builder-binaries/releases/download/nsis-resources-3.4.1/nsis-resources-3.4.1.7z size=731 kB parts=1
2026-02-09T22:26:12.3348937Z   • downloaded      url=https://github.com/electron-userland/electron-builder-binaries/releases/download/nsis-resources-3.4.1/nsis-resources-3.4.1.7z duration=194ms
2026-02-09T22:26:13.5316212Z   • signing with signtool.exe  path=dist-electron\__uninstaller-nsis-frontend.exe
2026-02-09T22:26:13.5317916Z   • deprecated field  fields=["signingHashAlgorithms","publisherName"] reason=please move to win.signtoolOptions.<field_name>
2026-02-09T22:26:13.5320515Z   • no signing info identified, signing is skipped  signHook=false cscInfo=null
2026-02-09T22:26:15.1783724Z   • signing with signtool.exe  path=dist-electron\Chirality App Setup 1.0.1-x64.exe
2026-02-09T22:26:15.1785615Z   • deprecated field  fields=["signingHashAlgorithms","publisherName"] reason=please move to win.signtoolOptions.<field_name>
2026-02-09T22:26:15.1787387Z   • no signing info identified, signing is skipped  signHook=false cscInfo=null
2026-02-09T22:26:15.1792662Z   • building block map  blockMapFile=dist-electron\Chirality App Setup 1.0.1-x64.exe.blockmap
2026-02-09T22:26:16.8174178Z ##[group]Run actions/upload-artifact@v4
2026-02-09T22:26:16.8174753Z with:
2026-02-09T22:26:16.8175103Z   name: desktop-windows-installers
2026-02-09T22:26:16.8175857Z   path: frontend/dist-electron/*.exe
frontend/dist-electron/*.exe.blockmap

2026-02-09T22:26:16.8176578Z   if-no-files-found: error
2026-02-09T22:26:16.8176987Z   retention-days: 14
2026-02-09T22:26:16.8177412Z   compression-level: 6
2026-02-09T22:26:16.8177826Z   overwrite: false
2026-02-09T22:26:16.8178228Z   include-hidden-files: false
2026-02-09T22:26:16.8178632Z ##[endgroup]
2026-02-09T22:26:17.1299899Z With the provided path, there will be 2 files uploaded
2026-02-09T22:26:17.1306992Z Artifact name is valid!
2026-02-09T22:26:17.1311342Z Root directory input is valid!
2026-02-09T22:26:17.2357047Z Beginning upload of artifact content to blob storage
2026-02-09T22:26:17.7931369Z Uploaded bytes 8388608
2026-02-09T22:26:18.2018774Z Uploaded bytes 16777216
2026-02-09T22:26:18.4403714Z Uploaded bytes 25165824
2026-02-09T22:26:18.7313336Z Uploaded bytes 33554432
2026-02-09T22:26:19.0197091Z Uploaded bytes 41943040
2026-02-09T22:26:19.3375486Z Uploaded bytes 50331648
2026-02-09T22:26:19.6356389Z Uploaded bytes 58720256
2026-02-09T22:26:19.9750558Z Uploaded bytes 67108864
2026-02-09T22:26:20.3505287Z Uploaded bytes 75497472
2026-02-09T22:26:20.5671976Z Uploaded bytes 83886080
2026-02-09T22:26:20.9820629Z Uploaded bytes 92274688
2026-02-09T22:26:21.1801404Z Uploaded bytes 100663296
2026-02-09T22:26:21.4730442Z Uploaded bytes 109051904
2026-02-09T22:26:21.8310761Z Uploaded bytes 117440512
2026-02-09T22:26:22.0952869Z Uploaded bytes 125829120
2026-02-09T22:26:22.4203581Z Uploaded bytes 134217728
2026-02-09T22:26:22.7224280Z Uploaded bytes 142606336
2026-02-09T22:26:23.0624194Z Uploaded bytes 150994944
2026-02-09T22:26:23.3353496Z Uploaded bytes 159383552
2026-02-09T22:26:23.6947872Z Uploaded bytes 167772160
2026-02-09T22:26:23.7548306Z Uploaded bytes 168525587
2026-02-09T22:26:23.7753856Z Finished uploading artifact content to blob storage!
2026-02-09T22:26:23.7755153Z SHA256 digest of uploaded artifact zip is 5f695ce67ce478051768598b29759e541e18b1724a4ffc3e48e16693d78e37cc
2026-02-09T22:26:23.7756138Z Finalizing artifact upload
2026-02-09T22:26:23.9127635Z Artifact desktop-windows-installers.zip successfully finalized. Artifact ID 5439685620
2026-02-09T22:26:23.9129337Z Artifact desktop-windows-installers has been successfully uploaded! Final size is 168525587 bytes. Artifact ID is 5439685620
2026-02-09T22:26:23.9144696Z Artifact download URL: https://github.com/sgttomas/chirality-app/actions/runs/21843128929/artifacts/5439685620
2026-02-09T22:26:23.9521837Z Post job cleanup.
2026-02-09T22:26:24.1776901Z Cache hit occurred on the primary key node-cache-Windows-x64-npm-348f747c7a8ab69d8d8360e9e82d85e172b094ce6dc11e04db77425005dfd55e, not saving cache.
2026-02-09T22:26:24.2097900Z Post job cleanup.
2026-02-09T22:26:24.4720949Z [command]"C:\Program Files\Git\bin\git.exe" version
2026-02-09T22:26:24.5036028Z git version 2.53.0.windows.1
2026-02-09T22:26:24.5144865Z Temporarily overriding HOME='D:\a\_temp\213923e9-5a75-454f-ae9f-4a5529888de8' before making global git config changes
2026-02-09T22:26:24.5146283Z Adding repository directory to the temporary git global config as a safe directory
2026-02-09T22:26:24.5160398Z [command]"C:\Program Files\Git\bin\git.exe" config --global --add safe.directory D:\a\chirality-app\chirality-app
2026-02-09T22:26:24.5599405Z [command]"C:\Program Files\Git\bin\git.exe" config --local --name-only --get-regexp core\.sshCommand
2026-02-09T22:26:24.5945755Z [command]"C:\Program Files\Git\bin\git.exe" submodule foreach --recursive "sh -c \"git config --local --name-only --get-regexp 'core\.sshCommand' && git config --local --unset-all 'core.sshCommand' || :\""
2026-02-09T22:26:25.1780156Z [command]"C:\Program Files\Git\bin\git.exe" config --local --name-only --get-regexp http\.https\:\/\/github\.com\/\.extraheader
2026-02-09T22:26:25.2052498Z http.https://github.com/.extraheader
2026-02-09T22:26:25.2100680Z [command]"C:\Program Files\Git\bin\git.exe" config --local --unset-all http.https://github.com/.extraheader
2026-02-09T22:26:25.2434341Z [command]"C:\Program Files\Git\bin\git.exe" submodule foreach --recursive "sh -c \"git config --local --name-only --get-regexp 'http\.https\:\/\/github\.com\/\.extraheader' && git config --local --unset-all 'http.https://github.com/.extraheader' || :\""
2026-02-09T22:26:25.8133079Z [command]"C:\Program Files\Git\bin\git.exe" config --local --name-only --get-regexp ^includeIf\.gitdir:
2026-02-09T22:26:25.8452530Z [command]"C:\Program Files\Git\bin\git.exe" submodule foreach --recursive "git config --local --show-origin --name-only --get-regexp remote.origin.url"
2026-02-09T22:26:26.4142096Z Cleaning up orphan processes
