2026-02-09T21:24:58.4212466Z Current runner version: '2.331.0'
2026-02-09T21:24:58.4500223Z ##[group]Runner Image Provisioner
2026-02-09T21:24:58.4501122Z Hosted Compute Agent
2026-02-09T21:24:58.4501760Z Version: 20260123.484
2026-02-09T21:24:58.4502342Z Commit: 6bd6555ca37d84114959e1c76d2c01448ff61c5d
2026-02-09T21:24:58.4503120Z Build Date: 2026-01-23T19:41:17Z
2026-02-09T21:24:58.4503785Z Worker ID: {9fee805c-093e-4d3e-b483-f92319518e45}
2026-02-09T21:24:58.4504519Z Azure Region: northcentralus
2026-02-09T21:24:58.4505115Z ##[endgroup]
2026-02-09T21:24:58.4506432Z ##[group]Operating System
2026-02-09T21:24:58.4507064Z Microsoft Windows Server 2025
2026-02-09T21:24:58.4507593Z 10.0.26100
2026-02-09T21:24:58.4508024Z Datacenter
2026-02-09T21:24:58.4508427Z ##[endgroup]
2026-02-09T21:24:58.4508884Z ##[group]Runner Image
2026-02-09T21:24:58.4509337Z Image: windows-2025
2026-02-09T21:24:58.4509816Z Version: 20260202.17.1
2026-02-09T21:24:58.4511167Z Included Software: https://github.com/actions/runner-images/blob/win25/20260202.17/images/windows/Windows2025-Readme.md
2026-02-09T21:24:58.4512579Z Image Release: https://github.com/actions/runner-images/releases/tag/win25%2F20260202.17
2026-02-09T21:24:58.4513438Z ##[endgroup]
2026-02-09T21:24:58.4514846Z ##[group]GITHUB_TOKEN Permissions
2026-02-09T21:24:58.4516723Z Contents: write
2026-02-09T21:24:58.4517202Z Metadata: read
2026-02-09T21:24:58.4517658Z ##[endgroup]
2026-02-09T21:24:58.4519671Z Secret source: Actions
2026-02-09T21:24:58.4520293Z Prepare workflow directory
2026-02-09T21:24:58.5752388Z Prepare all required actions
2026-02-09T21:24:58.5791099Z Getting action download info
2026-02-09T21:24:58.8932423Z Download action repository 'actions/checkout@v4' (SHA:34e114876b0b11c390a56381ad16ebd13914f8d5)
2026-02-09T21:24:59.1313618Z Download action repository 'actions/setup-node@v4' (SHA:49933ea5288caeca8642d1e84afbd3f7d6820020)
2026-02-09T21:24:59.3870979Z Download action repository 'actions/upload-artifact@v4' (SHA:ea165f8d65b6e75b540449e92b4886f43607fa02)
2026-02-09T21:25:00.4254417Z Complete job name: Build Windows installers
2026-02-09T21:25:01.2349481Z ##[group]Run actions/checkout@v4
2026-02-09T21:25:01.2350777Z with:
2026-02-09T21:25:01.2351419Z   repository: sgttomas/chirality-app
2026-02-09T21:25:01.2352623Z   token: ***
2026-02-09T21:25:01.2353236Z   ssh-strict: true
2026-02-09T21:25:01.2353876Z   ssh-user: git
2026-02-09T21:25:01.2354525Z   persist-credentials: true
2026-02-09T21:25:01.2355272Z   clean: true
2026-02-09T21:25:01.2355921Z   sparse-checkout-cone-mode: true
2026-02-09T21:25:01.2356746Z   fetch-depth: 1
2026-02-09T21:25:01.2357377Z   fetch-tags: false
2026-02-09T21:25:01.2358037Z   show-progress: true
2026-02-09T21:25:01.2358710Z   lfs: false
2026-02-09T21:25:01.2359311Z   submodules: false
2026-02-09T21:25:01.2359970Z   set-safe-directory: true
2026-02-09T21:25:01.2360899Z ##[endgroup]
2026-02-09T21:25:01.5030642Z Syncing repository: sgttomas/chirality-app
2026-02-09T21:25:01.5033552Z ##[group]Getting Git version info
2026-02-09T21:25:01.5035079Z Working directory is 'D:\a\chirality-app\chirality-app'
2026-02-09T21:25:01.6138953Z [command]"C:\Program Files\Git\bin\git.exe" version
2026-02-09T21:25:02.0321984Z git version 2.53.0.windows.1
2026-02-09T21:25:02.0391227Z ##[endgroup]
2026-02-09T21:25:02.0440162Z Temporarily overriding HOME='D:\a\_temp\15557d7b-7074-4fcb-9ee4-d260d36fcb5b' before making global git config changes
2026-02-09T21:25:02.0442556Z Adding repository directory to the temporary git global config as a safe directory
2026-02-09T21:25:02.0444783Z [command]"C:\Program Files\Git\bin\git.exe" config --global --add safe.directory D:\a\chirality-app\chirality-app
2026-02-09T21:25:02.1069726Z Deleting the contents of 'D:\a\chirality-app\chirality-app'
2026-02-09T21:25:02.1076922Z ##[group]Initializing the repository
2026-02-09T21:25:02.1086949Z [command]"C:\Program Files\Git\bin\git.exe" init D:\a\chirality-app\chirality-app
2026-02-09T21:25:02.2144505Z Initialized empty Git repository in D:/a/chirality-app/chirality-app/.git/
2026-02-09T21:25:02.2244944Z [command]"C:\Program Files\Git\bin\git.exe" remote add origin https://github.com/sgttomas/chirality-app
2026-02-09T21:25:02.2772219Z ##[endgroup]
2026-02-09T21:25:02.2774186Z ##[group]Disabling automatic garbage collection
2026-02-09T21:25:02.2782532Z [command]"C:\Program Files\Git\bin\git.exe" config --local gc.auto 0
2026-02-09T21:25:02.3113977Z ##[endgroup]
2026-02-09T21:25:02.3115109Z ##[group]Setting up auth
2026-02-09T21:25:02.3127023Z [command]"C:\Program Files\Git\bin\git.exe" config --local --name-only --get-regexp core\.sshCommand
2026-02-09T21:25:02.3423707Z [command]"C:\Program Files\Git\bin\git.exe" submodule foreach --recursive "sh -c \"git config --local --name-only --get-regexp 'core\.sshCommand' && git config --local --unset-all 'core.sshCommand' || :\""
2026-02-09T21:25:03.8954198Z [command]"C:\Program Files\Git\bin\git.exe" config --local --name-only --get-regexp http\.https\:\/\/github\.com\/\.extraheader
2026-02-09T21:25:03.9251669Z [command]"C:\Program Files\Git\bin\git.exe" submodule foreach --recursive "sh -c \"git config --local --name-only --get-regexp 'http\.https\:\/\/github\.com\/\.extraheader' && git config --local --unset-all 'http.https://github.com/.extraheader' || :\""
2026-02-09T21:25:04.4318067Z [command]"C:\Program Files\Git\bin\git.exe" config --local --name-only --get-regexp ^includeIf\.gitdir:
2026-02-09T21:25:04.4614358Z [command]"C:\Program Files\Git\bin\git.exe" submodule foreach --recursive "git config --local --show-origin --name-only --get-regexp remote.origin.url"
2026-02-09T21:25:04.9724557Z [command]"C:\Program Files\Git\bin\git.exe" config --local http.https://github.com/.extraheader "AUTHORIZATION: basic ***"
2026-02-09T21:25:05.0043033Z ##[endgroup]
2026-02-09T21:25:05.0043639Z ##[group]Fetching the repository
2026-02-09T21:25:05.0058131Z [command]"C:\Program Files\Git\bin\git.exe" -c protocol.version=2 fetch --no-tags --prune --no-recurse-submodules --depth=1 origin +4813235f6b5e82e75dc126e2d61c2cff87a16cf2:refs/remotes/origin/main
2026-02-09T21:25:06.5551229Z From https://github.com/sgttomas/chirality-app
2026-02-09T21:25:06.5552172Z  * [new ref]         4813235f6b5e82e75dc126e2d61c2cff87a16cf2 -> origin/main
2026-02-09T21:25:06.5926547Z ##[endgroup]
2026-02-09T21:25:06.5927183Z ##[group]Determining the checkout info
2026-02-09T21:25:06.5930433Z ##[endgroup]
2026-02-09T21:25:06.5940548Z [command]"C:\Program Files\Git\bin\git.exe" sparse-checkout disable
2026-02-09T21:25:06.6406968Z [command]"C:\Program Files\Git\bin\git.exe" config --local --unset-all extensions.worktreeConfig
2026-02-09T21:25:06.6756050Z ##[group]Checking out the ref
2026-02-09T21:25:06.6766754Z [command]"C:\Program Files\Git\bin\git.exe" checkout --progress --force -B main refs/remotes/origin/main
2026-02-09T21:25:06.8640079Z Switched to a new branch 'main'
2026-02-09T21:25:06.8666888Z branch 'main' set up to track 'origin/main'.
2026-02-09T21:25:06.8739081Z ##[endgroup]
2026-02-09T21:25:06.9225950Z [command]"C:\Program Files\Git\bin\git.exe" log -1 --format=%H
2026-02-09T21:25:06.9497307Z 4813235f6b5e82e75dc126e2d61c2cff87a16cf2
2026-02-09T21:25:06.9926738Z ##[group]Run actions/setup-node@v4
2026-02-09T21:25:06.9927067Z with:
2026-02-09T21:25:06.9927220Z   node-version: 20
2026-02-09T21:25:06.9927408Z   cache: npm
2026-02-09T21:25:06.9927617Z   cache-dependency-path: frontend/package-lock.json
2026-02-09T21:25:06.9928310Z   always-auth: false
2026-02-09T21:25:06.9928482Z   check-latest: false
2026-02-09T21:25:06.9928813Z   token: ***
2026-02-09T21:25:06.9928992Z ##[endgroup]
2026-02-09T21:25:07.2429959Z Found in cache @ C:\hostedtoolcache\windows\node\20.20.0\x64
2026-02-09T21:25:07.2440002Z ##[group]Environment details
2026-02-09T21:25:12.1133550Z node: v20.20.0
2026-02-09T21:25:12.1133941Z npm: 10.8.2
2026-02-09T21:25:12.1134196Z yarn: 1.22.22
2026-02-09T21:25:12.1135470Z ##[endgroup]
2026-02-09T21:25:12.1997137Z [command]C:\Windows\system32\cmd.exe /D /S /C "C:\hostedtoolcache\windows\node\20.20.0\x64\npm.cmd config get cache"
2026-02-09T21:25:12.7995977Z C:\npm\cache
2026-02-09T21:25:13.1235650Z npm cache is not found
2026-02-09T21:25:13.1518749Z ##[group]Run npm ci
2026-02-09T21:25:13.1519059Z [36;1mnpm ci[0m
2026-02-09T21:25:13.2488260Z shell: C:\Program Files\PowerShell\7\pwsh.EXE -command ". '{0}'"
2026-02-09T21:25:13.2488710Z ##[endgroup]
2026-02-09T21:25:28.5685790Z npm warn deprecated boolean@3.2.0: Package no longer supported. Contact Support at https://www.npmjs.com/support for more info.
2026-02-09T21:25:48.4963523Z 
2026-02-09T21:25:48.4964217Z added 518 packages, and audited 519 packages in 29s
2026-02-09T21:25:48.4964595Z 
2026-02-09T21:25:48.4965395Z 238 packages are looking for funding
2026-02-09T21:25:48.4966054Z   run `npm fund` for details
2026-02-09T21:25:48.5067843Z 
2026-02-09T21:25:48.5068342Z 1 moderate severity vulnerability
2026-02-09T21:25:48.5068643Z 
2026-02-09T21:25:48.5069164Z To address all issues (including breaking changes), run:
2026-02-09T21:25:48.5069917Z   npm audit fix --force
2026-02-09T21:25:48.5070267Z 
2026-02-09T21:25:48.5070562Z Run `npm audit` for details.
2026-02-09T21:25:49.4159758Z ##[group]Run npm run build -- --webpack
2026-02-09T21:25:49.4160126Z [36;1mnpm run build -- --webpack[0m
2026-02-09T21:25:49.4224867Z shell: C:\Program Files\PowerShell\7\pwsh.EXE -command ". '{0}'"
2026-02-09T21:25:49.4225197Z ##[endgroup]
2026-02-09T21:25:50.0248167Z 
2026-02-09T21:25:50.0249002Z > frontend@1.0.1 build
2026-02-09T21:25:50.0249500Z > next build --webpack
2026-02-09T21:25:50.0249733Z 
2026-02-09T21:25:50.8560428Z ⚠ No build cache found. Please configure build caching for faster rebuilds. Read more: https://nextjs.org/docs/messages/no-cache
2026-02-09T21:25:50.8623700Z Attention: Next.js now collects completely anonymous telemetry regarding usage.
2026-02-09T21:25:50.8624903Z This information is used to shape Next.js' roadmap and prioritize features.
2026-02-09T21:25:50.8626104Z You can learn more, including how to opt-out if you'd not like to participate in this anonymous program, by visiting the following URL:
2026-02-09T21:25:50.8627166Z https://nextjs.org/telemetry
2026-02-09T21:25:50.8627425Z 
2026-02-09T21:25:50.8809646Z ▲ Next.js 16.1.6 (webpack)
2026-02-09T21:25:50.8811582Z 
2026-02-09T21:25:50.9293028Z   Creating an optimized production build ...
2026-02-09T21:26:12.1192403Z ✓ Compiled successfully in 17.7s
2026-02-09T21:26:12.1249240Z   Running TypeScript ...
2026-02-09T21:26:16.4702142Z   Collecting page data using 3 workers ...
2026-02-09T21:26:18.8488910Z   Generating static pages using 3 workers (0/16) ...
2026-02-09T21:26:18.9309249Z   Generating static pages using 3 workers (4/16) 
2026-02-09T21:26:19.0987506Z   Generating static pages using 3 workers (8/16) 
2026-02-09T21:26:19.0990654Z   Generating static pages using 3 workers (12/16) 
2026-02-09T21:26:19.1843594Z ✓ Generating static pages using 3 workers (16/16) in 335.4ms
2026-02-09T21:26:20.0030742Z   Finalizing page optimization ...
2026-02-09T21:26:20.0031485Z   Collecting build traces ...
2026-02-09T21:26:28.1106287Z 
2026-02-09T21:26:28.1129233Z Route (app)
2026-02-09T21:26:28.1131102Z ┌ ○ /
2026-02-09T21:26:28.1131536Z ├ ○ /_not-found
2026-02-09T21:26:28.1132064Z ├ ƒ /api/fs
2026-02-09T21:26:28.1132391Z ├ ƒ /api/fs/diff
2026-02-09T21:26:28.1132823Z ├ ƒ /api/fs/git-status
2026-02-09T21:26:28.1133243Z ├ ƒ /api/fs/read
2026-02-09T21:26:28.1133648Z ├ ƒ /api/harness/interrupt
2026-02-09T21:26:28.1134162Z ├ ƒ /api/harness/session/[id]
2026-02-09T21:26:28.1134735Z ├ ƒ /api/harness/session/boot
2026-02-09T21:26:28.1135338Z ├ ƒ /api/harness/session/create
2026-02-09T21:26:28.1135928Z ├ ƒ /api/harness/session/list
2026-02-09T21:26:28.1136775Z ├ ƒ /api/harness/turn
2026-02-09T21:26:28.1137276Z ├ ƒ /api/project/config
2026-02-09T21:26:28.1137818Z ├ ƒ /api/project/deliverables
2026-02-09T21:26:28.1138329Z └ ƒ /api/system/list
2026-02-09T21:26:28.1138596Z 
2026-02-09T21:26:28.1138606Z 
2026-02-09T21:26:28.1138985Z ○  (Static)   prerendered as static content
2026-02-09T21:26:28.1140279Z ƒ  (Dynamic)  server-rendered on demand
2026-02-09T21:26:28.1140734Z 
2026-02-09T21:26:28.2835660Z ##[group]Run # Force unsigned build for public beta distribution.
2026-02-09T21:26:28.2836205Z [36;1m# Force unsigned build for public beta distribution.[0m
2026-02-09T21:26:28.2836628Z [36;1munset CSC_LINK CSC_KEY_PASSWORD WIN_CSC_LINK WIN_CSC_KEY_PASSWORD[0m
2026-02-09T21:26:28.2837248Z [36;1mnpx electron-builder@25.1.8 --win nsis --x64 --publish never[0m
2026-02-09T21:26:28.2855871Z shell: C:\Program Files\Git\bin\bash.EXE --noprofile --norc -e -o pipefail {0}
2026-02-09T21:26:28.2856242Z ##[endgroup]
2026-02-09T21:26:36.9403320Z npm warn exec The following package was not found and will be installed: electron-builder@25.1.8
2026-02-09T21:27:02.7227464Z npm warn deprecated inflight@1.0.6: This module is not supported, and leaks memory. Do not use it. Check out lru-cache if you want a good and tested way to coalesce async requests by a key value, which is much more comprehensive and powerful.
2026-02-09T21:27:03.3435710Z npm warn deprecated @npmcli/move-file@2.0.1: This functionality has been moved to @npmcli/fs
2026-02-09T21:27:05.0848408Z npm warn deprecated npmlog@6.0.2: This package is no longer supported.
2026-02-09T21:27:07.7950154Z npm warn deprecated rimraf@3.0.2: Rimraf versions prior to v4 are no longer supported
2026-02-09T21:27:08.1588597Z npm warn deprecated glob@8.1.0: Old versions of glob are not supported, and contain widely publicized security vulnerabilities, which have been fixed in the current version. Please update. Support for old versions may be purchased (at exorbitant rates) by contacting i@izs.me
2026-02-09T21:27:08.2914586Z npm warn deprecated glob@7.2.3: Old versions of glob are not supported, and contain widely publicized security vulnerabilities, which have been fixed in the current version. Please update. Support for old versions may be purchased (at exorbitant rates) by contacting i@izs.me
2026-02-09T21:27:11.8059013Z npm warn deprecated are-we-there-yet@3.0.1: This package is no longer supported.
2026-02-09T21:27:30.3677997Z npm warn deprecated gauge@4.0.4: This package is no longer supported.
2026-02-09T21:27:35.7746178Z npm warn deprecated tar@6.2.1: Old versions of tar are not supported, and contain widely publicized security vulnerabilities, which have been fixed in the current version. Please update. Support for old versions may be purchased (at exorbitant rates) by contacting i@izs.me
2026-02-09T21:27:43.2856345Z npm warn deprecated glob@10.5.0: Old versions of glob are not supported, and contain widely publicized security vulnerabilities, which have been fixed in the current version. Please update. Support for old versions may be purchased (at exorbitant rates) by contacting i@izs.me
2026-02-09T21:27:59.9389069Z   • electron-builder  version=25.1.8 os=10.0.26100
2026-02-09T21:27:59.9443613Z   • loaded configuration  file=package.json ("build" field)
2026-02-09T21:27:59.9458825Z   • description is missed in the package.json  appPackageFile=D:\a\chirality-app\chirality-app\frontend\package.json
2026-02-09T21:27:59.9460537Z   • author is missed in the package.json  appPackageFile=D:\a\chirality-app\chirality-app\frontend\package.json
2026-02-09T21:28:00.1460629Z   • executing @electron/rebuild  electronVersion=33.3.1 arch=x64 buildFromSource=false appDir=./
2026-02-09T21:28:00.1472522Z   • installing native dependencies  arch=x64
2026-02-09T21:28:00.9387453Z   • completed installing native dependencies
2026-02-09T21:28:00.9450102Z   • packaging       platform=win32 arch=x64 electron=33.3.1 appOutDir=dist-electron\win-unpacked
2026-02-09T21:28:01.1963367Z   • downloading     url=https://github.com/electron/electron/releases/download/v33.3.1/electron-v33.3.1-win32-x64.zip size=115 MB parts=8
2026-02-09T21:28:01.5446571Z   • downloaded      url=https://github.com/electron/electron/releases/download/v33.3.1/electron-v33.3.1-win32-x64.zip duration=582ms
2026-02-09T21:28:11.5126530Z   • updating asar integrity executable resource  executablePath=dist-electron\win-unpacked\Chirality App.exe
2026-02-09T21:28:11.9580339Z   • downloading     url=https://github.com/electron-userland/electron-builder-binaries/releases/download/winCodeSign-2.6.0/winCodeSign-2.6.0.7z size=5.6 MB parts=1
2026-02-09T21:28:12.0124334Z   • downloaded      url=https://github.com/electron-userland/electron-builder-binaries/releases/download/winCodeSign-2.6.0/winCodeSign-2.6.0.7z duration=183ms
2026-02-09T21:28:12.7346097Z   • signing with signtool.exe  path=dist-electron\win-unpacked\Chirality App.exe
2026-02-09T21:28:12.7348035Z   • deprecated field  fields=["signingHashAlgorithms","publisherName"] reason=please move to win.signtoolOptions.<field_name>
2026-02-09T21:28:12.7355054Z   • no signing info identified, signing is skipped  signHook=false cscInfo=null
2026-02-09T21:28:12.7441237Z   • signing with signtool.exe  path=dist-electron\win-unpacked\resources\app.asar.unpacked\node_modules\@anthropic-ai\claude-agent-sdk\vendor\ripgrep\x64-win32\rg.exe
2026-02-09T21:28:12.7443096Z   • deprecated field  fields=["signingHashAlgorithms","publisherName"] reason=please move to win.signtoolOptions.<field_name>
2026-02-09T21:28:12.7445511Z   • no signing info identified, signing is skipped  signHook=false cscInfo=null
2026-02-09T21:28:12.7479731Z   • building        target=nsis file=dist-electron\Chirality App Setup 1.0.1-x64.exe archs=x64 oneClick=true perMachine=false
2026-02-09T21:28:12.9081398Z   • downloading     url=https://github.com/electron-userland/electron-builder-binaries/releases/download/nsis-3.0.4.1/nsis-3.0.4.1.7z size=1.3 MB parts=1
2026-02-09T21:28:12.9302064Z   • downloaded      url=https://github.com/electron-userland/electron-builder-binaries/releases/download/nsis-3.0.4.1/nsis-3.0.4.1.7z duration=165ms
2026-02-09T21:28:13.3526182Z   • signing with signtool.exe  path=dist-electron\win-unpacked\resources\elevate.exe
2026-02-09T21:28:13.3527653Z   • deprecated field  fields=["signingHashAlgorithms","publisherName"] reason=please move to win.signtoolOptions.<field_name>
2026-02-09T21:28:13.3528835Z   • no signing info identified, signing is skipped  signHook=false cscInfo=null
2026-02-09T21:29:08.6634179Z   • downloading     url=https://github.com/electron-userland/electron-builder-binaries/releases/download/nsis-resources-3.4.1/nsis-resources-3.4.1.7z size=731 kB parts=1
2026-02-09T21:29:08.6803991Z   • downloaded      url=https://github.com/electron-userland/electron-builder-binaries/releases/download/nsis-resources-3.4.1/nsis-resources-3.4.1.7z duration=250ms
2026-02-09T21:29:09.9089203Z   • signing with signtool.exe  path=dist-electron\__uninstaller-nsis-frontend.exe
2026-02-09T21:29:09.9090300Z   • deprecated field  fields=["signingHashAlgorithms","publisherName"] reason=please move to win.signtoolOptions.<field_name>
2026-02-09T21:29:09.9092305Z   • no signing info identified, signing is skipped  signHook=false cscInfo=null
2026-02-09T21:29:11.4279850Z   • signing with signtool.exe  path=dist-electron\Chirality App Setup 1.0.1-x64.exe
2026-02-09T21:29:11.4283086Z   • deprecated field  fields=["signingHashAlgorithms","publisherName"] reason=please move to win.signtoolOptions.<field_name>
2026-02-09T21:29:11.4284471Z   • no signing info identified, signing is skipped  signHook=false cscInfo=null
2026-02-09T21:29:11.4288212Z   • building block map  blockMapFile=dist-electron\Chirality App Setup 1.0.1-x64.exe.blockmap
2026-02-09T21:29:12.7766727Z ##[group]Run actions/upload-artifact@v4
2026-02-09T21:29:12.7767157Z with:
2026-02-09T21:29:12.7767373Z   name: desktop-windows-installers
2026-02-09T21:29:12.7767836Z   path: frontend/dist-electron/*.exe
frontend/dist-electron/*.exe.blockmap

2026-02-09T21:29:12.7768272Z   if-no-files-found: error
2026-02-09T21:29:12.7768509Z   retention-days: 14
2026-02-09T21:29:12.7768757Z   compression-level: 6
2026-02-09T21:29:12.7768980Z   overwrite: false
2026-02-09T21:29:12.7769230Z   include-hidden-files: false
2026-02-09T21:29:12.7769466Z ##[endgroup]
2026-02-09T21:29:13.0744123Z With the provided path, there will be 2 files uploaded
2026-02-09T21:29:13.0752348Z Artifact name is valid!
2026-02-09T21:29:13.0757021Z Root directory input is valid!
2026-02-09T21:29:13.2173826Z Beginning upload of artifact content to blob storage
2026-02-09T21:29:14.0435494Z Uploaded bytes 8388608
2026-02-09T21:29:14.3503634Z Uploaded bytes 16777216
2026-02-09T21:29:14.4130028Z Uploaded bytes 25165824
2026-02-09T21:29:14.6691369Z Uploaded bytes 33554432
2026-02-09T21:29:14.9779775Z Uploaded bytes 41943040
2026-02-09T21:29:15.2655963Z Uploaded bytes 50331648
2026-02-09T21:29:15.5518093Z Uploaded bytes 58720256
2026-02-09T21:29:15.8534374Z Uploaded bytes 67108864
2026-02-09T21:29:16.0815149Z Uploaded bytes 75497472
2026-02-09T21:29:16.4161517Z Uploaded bytes 83886080
2026-02-09T21:29:16.6361382Z Uploaded bytes 92274688
2026-02-09T21:29:16.9393263Z Uploaded bytes 100663296
2026-02-09T21:29:17.2895387Z Uploaded bytes 109051904
2026-02-09T21:29:17.6213513Z Uploaded bytes 117440512
2026-02-09T21:29:17.8228759Z Uploaded bytes 125829120
2026-02-09T21:29:18.0961505Z Uploaded bytes 134217728
2026-02-09T21:29:18.3598067Z Uploaded bytes 142606336
2026-02-09T21:29:18.6903996Z Uploaded bytes 150994944
2026-02-09T21:29:19.0900844Z Uploaded bytes 159383552
2026-02-09T21:29:19.3311797Z Uploaded bytes 167772160
2026-02-09T21:29:19.3788044Z Uploaded bytes 168525244
2026-02-09T21:29:19.4187974Z Finished uploading artifact content to blob storage!
2026-02-09T21:29:19.4193238Z SHA256 digest of uploaded artifact zip is eca48a541a3d2a982bd58bdbb5a2f0a20ecdb30cec463727c64e6a1953acd1f2
2026-02-09T21:29:19.4196646Z Finalizing artifact upload
2026-02-09T21:29:19.6195735Z Artifact desktop-windows-installers.zip successfully finalized. Artifact ID 5438925841
2026-02-09T21:29:19.6197632Z Artifact desktop-windows-installers has been successfully uploaded! Final size is 168525244 bytes. Artifact ID is 5438925841
2026-02-09T21:29:19.6211939Z Artifact download URL: https://github.com/sgttomas/chirality-app/actions/runs/21841272174/artifacts/5438925841
2026-02-09T21:29:19.6563882Z Post job cleanup.
2026-02-09T21:29:20.0532408Z [command]"C:\Program Files\Git\usr\bin\tar.exe" --posix -cf cache.tzst --exclude cache.tzst -P -C D:/a/chirality-app/chirality-app --files-from manifest.txt --force-local --use-compress-program "zstd -T0"
2026-02-09T21:29:25.9442959Z Sent 0 of 325459135 (0.0%), 0.0 MBs/sec
2026-02-09T21:29:26.6838766Z Sent 325459135 of 325459135 (100.0%), 177.9 MBs/sec
2026-02-09T21:29:26.8844322Z Cache saved with the key: node-cache-Windows-x64-npm-348f747c7a8ab69d8d8360e9e82d85e172b094ce6dc11e04db77425005dfd55e
2026-02-09T21:29:26.9156638Z Post job cleanup.
2026-02-09T21:29:27.1556398Z [command]"C:\Program Files\Git\bin\git.exe" version
2026-02-09T21:29:27.1896565Z git version 2.53.0.windows.1
2026-02-09T21:29:27.1999420Z Temporarily overriding HOME='D:\a\_temp\18b5ccd1-4ab9-4748-9307-ec4514bc6f15' before making global git config changes
2026-02-09T21:29:27.2000478Z Adding repository directory to the temporary git global config as a safe directory
2026-02-09T21:29:27.2015802Z [command]"C:\Program Files\Git\bin\git.exe" config --global --add safe.directory D:\a\chirality-app\chirality-app
2026-02-09T21:29:27.2356691Z [command]"C:\Program Files\Git\bin\git.exe" config --local --name-only --get-regexp core\.sshCommand
2026-02-09T21:29:27.2651654Z [command]"C:\Program Files\Git\bin\git.exe" submodule foreach --recursive "sh -c \"git config --local --name-only --get-regexp 'core\.sshCommand' && git config --local --unset-all 'core.sshCommand' || :\""
2026-02-09T21:29:27.8067734Z [command]"C:\Program Files\Git\bin\git.exe" config --local --name-only --get-regexp http\.https\:\/\/github\.com\/\.extraheader
2026-02-09T21:29:27.8332879Z http.https://github.com/.extraheader
2026-02-09T21:29:27.8378839Z [command]"C:\Program Files\Git\bin\git.exe" config --local --unset-all http.https://github.com/.extraheader
2026-02-09T21:29:27.8686547Z [command]"C:\Program Files\Git\bin\git.exe" submodule foreach --recursive "sh -c \"git config --local --name-only --get-regexp 'http\.https\:\/\/github\.com\/\.extraheader' && git config --local --unset-all 'http.https://github.com/.extraheader' || :\""
2026-02-09T21:29:28.3884755Z [command]"C:\Program Files\Git\bin\git.exe" config --local --name-only --get-regexp ^includeIf\.gitdir:
2026-02-09T21:29:28.4177080Z [command]"C:\Program Files\Git\bin\git.exe" submodule foreach --recursive "git config --local --show-origin --name-only --get-regexp remote.origin.url"
2026-02-09T21:29:28.9586686Z Cleaning up orphan processes
